// Jest Snapshot v1, https://goo.gl/fbAQLP

exports[`Link component renders correctly 1`] = `
<a
  className="sc-bdVaJa iWzBfR"
>
  Click here to open 
  Priceline
</a>
`;
