// Jest Snapshot v1, https://goo.gl/fbAQLP

exports[`Dummy Component renders correctly with required props 1`] = `
.c0 {
  color: red;
  width: 100%;
}

<div
  className="c0"
>
  My fake dummy prop is 
  40
</div>
`;
